dhupa@Kiran MINGW64 ~/OneDrive/Desktop/devops-test
$ git init
Initialized empty Git repository in C:/Users/dhupa/OneDrive/Desktop/devops-test/.git/

dhupa@Kiran MINGW64 ~/OneDrive/Desktop/devops-test (master)
$ git status
On branch master

No commits yet

Untracked files:
  (use "git add <file>..." to include in what will be committed)
        01.txt
        02.txt

nothing added to commit but untracked files present (use "git add" to track)

dhupa@Kiran MINGW64 ~/OneDrive/Desktop/devops-test (master)
$ git add 01.txt

dhupa@Kiran MINGW64 ~/OneDrive/Desktop/devops-test (master)
$ git status
On branch master

No commits yet

Changes to be committed:
  (use "git rm --cached <file>..." to unstage)
        new file:   01.txt

Untracked files:
  (use "git add <file>..." to include in what will be committed)
        02.txt


dhupa@Kiran MINGW64 ~/OneDrive/Desktop/devops-test (master)
$ git commit -m "my first commit"
[master (root-commit) 65bb546] my first commit
 1 file changed, 0 insertions(+), 0 deletions(-)
 create mode 100644 01.txt

dhupa@Kiran MINGW64 ~/OneDrive/Desktop/devops-test (master)
$ git status
On branch master
Untracked files:
  (use "git add <file>..." to include in what will be committed)
        02.txt

nothing added to commit but untracked files present (use "git add" to track)

dhupa@Kiran MINGW64 ~/OneDrive/Desktop/devops-test (master)
$ git log
commit 65bb546d9834f83cbeab1c3fb79068c26b3c86da (HEAD -> master)
Author: kirandhupad <dhupadk@gmail.com>
Date:   Wed Aug 2 13:28:03 2023 +0530

    my first commit

dhupa@Kiran MINGW64 ~/OneDrive/Desktop/devops-test (master)
$ git status
On branch master
Untracked files:
  (use "git add <file>..." to include in what will be committed)
        02.txt

nothing added to commit but untracked files present (use "git add" to track)

dhupa@Kiran MINGW64 ~/OneDrive/Desktop/devops-test (master)
$ git add .

dhupa@Kiran MINGW64 ~/OneDrive/Desktop/devops-test (master)
$ git status
On branch master
Changes to be committed:
  (use "git restore --staged <file>..." to unstage)
        new file:   02.txt


dhupa@Kiran MINGW64 ~/OneDrive/Desktop/devops-test (master)
$ git commit -m "my second commit"
[master 15b3fa4] my second commit
 1 file changed, 0 insertions(+), 0 deletions(-)
 create mode 100644 02.txt

dhupa@Kiran MINGW64 ~/OneDrive/Desktop/devops-test (master)
$ git status
On branch master
nothing to commit, working tree clean

dhupa@Kiran MINGW64 ~/OneDrive/Desktop/devops-test (master)
